// Jest Snapshot v1, https://goo.gl/fbAQLP

exports[`ColorSelector component renders App 1`] = `
<Fragment>
  <label>
    Font Color: 
    <input
      name="color"
      type="color"
      value="#000000"
    />
  </label>
  <label>
    Background Color: 
    <input
      name="backgroundColor"
      type="color"
      value="#000000"
    />
  </label>
</Fragment>
`;
